
methiye.sahin@METHIYESAHIN MINGW64 ~/Desktop/Etiya (main)
$ git init
Reinitialized existing Git repository in C:/Users/methiye.sahin/Desktop/Etiya/.git/

methiye.sahin@METHIYESAHIN MINGW64 ~/Desktop/Etiya (main)
$ git add .

methiye.sahin@METHIYESAHIN MINGW64 ~/Desktop/Etiya (main)
$ git status
On branch main

No commits yet

Changes to be committed:
  (use "git rm --cached <file>..." to unstage)
        new file:   main.py


methiye.sahin@METHIYESAHIN MINGW64 ~/Desktop/Etiya (main)
$ git commit -m "First commit"
[main (root-commit) bc71cf4] First commit
 1 file changed, 52 insertions(+)
 create mode 100644 main.py

methiye.sahin@METHIYESAHIN MINGW64 ~/Desktop/Etiya (main)
$ git status
On branch main
nothing to commit, working tree clean

methiye.sahin@METHIYESAHIN MINGW64 ~/Desktop/Etiya (main)
$ git remote add origin https://github.com/MethiyeSahin/EtiyaAkademi.git
error: remote origin already exists.

methiye.sahin@METHIYESAHIN MINGW64 ~/Desktop/Etiya (main)
$ ^C

methiye.sahin@METHIYESAHIN MINGW64 ~/Desktop/Etiya (main)
$ git remote rename origin dev

methiye.sahin@METHIYESAHIN MINGW64 ~/Desktop/Etiya (main)
$ git remote -v
dev     https://github.com/MethiyeSahin/EtiyaAkademi.git (fetch)
dev     https://github.com/MethiyeSahin/EtiyaAkademi.git (push)

methiye.sahin@METHIYESAHIN MINGW64 ~/Desktop/Etiya (main)
$ git remote add origin https://github.com/MethiyeSahin/EtiyaAkademi.git

methiye.sahin@METHIYESAHIN MINGW64 ~/Desktop/Etiya (main)
$ git push origin master
error: src refspec master does not match any
error: failed to push some refs to 'https://github.com/MethiyeSahin/EtiyaAkademi.git'

methiye.sahin@METHIYESAHIN MINGW64 ~/Desktop/Etiya (main)
$ git push -u origin main
Enumerating objects: 3, done.
Counting objects: 100% (3/3), done.
Delta compression using up to 12 threads
Compressing objects: 100% (2/2), done.
Writing objects: 100% (3/3), 707 bytes | 353.00 KiB/s, done.
Total 3 (delta 0), reused 0 (delta 0), pack-reused 0
To https://github.com/MethiyeSahin/EtiyaAkademi.git
 * [new branch]      main -> main
branch 'main' set up to track 'origin/main'.

methiye.sahin@METHIYESAHIN MINGW64 ~/Desktop/Etiya (main)
$
